Analysis & Synthesis report for doorlock
Tue Mar 26 22:02:54 2024
Quartus II 64-Bit Version 13.1.0 Build 162 10/23/2013 SJ Web Edition


---------------------
; Table of Contents ;
---------------------
  1. Legal Notice
  2. Analysis & Synthesis Summary
  3. Analysis & Synthesis Settings
  4. Parallel Compilation
  5. Analysis & Synthesis Source Files Read
  6. Analysis & Synthesis Resource Usage Summary
  7. Analysis & Synthesis Resource Utilization by Entity
  8. State Machine - |top|doorlock:u_doorlock|c_state
  9. Registers Removed During Synthesis
 10. General Register Statistics
 11. Multiplexer Restructuring Statistics (Restructuring Performed)
 12. Parameter Settings for User Entity Instance: Top-level Entity: |top
 13. Parameter Settings for User Entity Instance: bd_if:u_bd_if
 14. Parameter Settings for User Entity Instance: bd_if:u_bd_if|debounc_multi_1:u_bt0_debounc
 15. Parameter Settings for User Entity Instance: bd_if:u_bd_if|debounc_multi_2:u_bt1_debounc
 16. Parameter Settings for User Entity Instance: bd_if:u_bd_if|debounc_multi_3:u_bt2_debounc
 17. Parameter Settings for User Entity Instance: bd_if:u_bd_if|edge_det_p:u_edge_det_p_bt
 18. Parameter Settings for User Entity Instance: bd_if:u_bd_if|edge_det_p:u_edge_det_p_star
 19. Parameter Settings for User Entity Instance: bd_if:u_bd_if|fnd:u_fnd
 20. Parameter Settings for User Entity Instance: doorlock:u_doorlock
 21. Elapsed Time Per Partition
 22. Analysis & Synthesis Messages



----------------
; Legal Notice ;
----------------
Copyright (C) 1991-2013 Altera Corporation
Your use of Altera Corporation's design tools, logic functions 
and other software and tools, and its AMPP partner logic 
functions, and any output files from any of the foregoing 
(including device programming or simulation files), and any 
associated documentation or information are expressly subject 
to the terms and conditions of the Altera Program License 
Subscription Agreement, Altera MegaCore Function License 
Agreement, or other applicable license agreement, including, 
without limitation, that your use is for the sole purpose of 
programming logic devices manufactured by Altera and sold by 
Altera or its authorized distributors.  Please refer to the 
applicable agreement for further details.



+---------------------------------------------------------------------------------+
; Analysis & Synthesis Summary                                                    ;
+------------------------------------+--------------------------------------------+
; Analysis & Synthesis Status        ; Successful - Tue Mar 26 22:02:54 2024      ;
; Quartus II 64-Bit Version          ; 13.1.0 Build 162 10/23/2013 SJ Web Edition ;
; Revision Name                      ; doorlock                                   ;
; Top-level Entity Name              ; top                                        ;
; Family                             ; Cyclone III                                ;
; Total logic elements               ; 270                                        ;
;     Total combinational functions  ; 229                                        ;
;     Dedicated logic registers      ; 133                                        ;
; Total registers                    ; 133                                        ;
; Total pins                         ; 21                                         ;
; Total virtual pins                 ; 0                                          ;
; Total memory bits                  ; 0                                          ;
; Embedded Multiplier 9-bit elements ; 0                                          ;
; Total PLLs                         ; 0                                          ;
+------------------------------------+--------------------------------------------+


+----------------------------------------------------------------------------------------------------------------------+
; Analysis & Synthesis Settings                                                                                        ;
+----------------------------------------------------------------------------+--------------------+--------------------+
; Option                                                                     ; Setting            ; Default Value      ;
+----------------------------------------------------------------------------+--------------------+--------------------+
; Device                                                                     ; EP3C16F484C6       ;                    ;
; Top-level entity name                                                      ; top                ; doorlock           ;
; Family name                                                                ; Cyclone III        ; Cyclone IV GX      ;
; Use smart compilation                                                      ; Off                ; Off                ;
; Enable parallel Assembler and TimeQuest Timing Analyzer during compilation ; On                 ; On                 ;
; Enable compact report table                                                ; Off                ; Off                ;
; Restructure Multiplexers                                                   ; Auto               ; Auto               ;
; Create Debugging Nodes for IP Cores                                        ; Off                ; Off                ;
; Preserve fewer node names                                                  ; On                 ; On                 ;
; Disable OpenCore Plus hardware evaluation                                  ; Off                ; Off                ;
; Verilog Version                                                            ; Verilog_2001       ; Verilog_2001       ;
; VHDL Version                                                               ; VHDL_1993          ; VHDL_1993          ;
; State Machine Processing                                                   ; Auto               ; Auto               ;
; Safe State Machine                                                         ; Off                ; Off                ;
; Extract Verilog State Machines                                             ; On                 ; On                 ;
; Extract VHDL State Machines                                                ; On                 ; On                 ;
; Ignore Verilog initial constructs                                          ; Off                ; Off                ;
; Iteration limit for constant Verilog loops                                 ; 5000               ; 5000               ;
; Iteration limit for non-constant Verilog loops                             ; 250                ; 250                ;
; Add Pass-Through Logic to Inferred RAMs                                    ; On                 ; On                 ;
; Infer RAMs from Raw Logic                                                  ; On                 ; On                 ;
; Parallel Synthesis                                                         ; On                 ; On                 ;
; DSP Block Balancing                                                        ; Auto               ; Auto               ;
; NOT Gate Push-Back                                                         ; On                 ; On                 ;
; Power-Up Don't Care                                                        ; On                 ; On                 ;
; Remove Redundant Logic Cells                                               ; Off                ; Off                ;
; Remove Duplicate Registers                                                 ; On                 ; On                 ;
; Ignore CARRY Buffers                                                       ; Off                ; Off                ;
; Ignore CASCADE Buffers                                                     ; Off                ; Off                ;
; Ignore GLOBAL Buffers                                                      ; Off                ; Off                ;
; Ignore ROW GLOBAL Buffers                                                  ; Off                ; Off                ;
; Ignore LCELL Buffers                                                       ; Off                ; Off                ;
; Ignore SOFT Buffers                                                        ; On                 ; On                 ;
; Limit AHDL Integers to 32 Bits                                             ; Off                ; Off                ;
; Optimization Technique                                                     ; Balanced           ; Balanced           ;
; Carry Chain Length                                                         ; 70                 ; 70                 ;
; Auto Carry Chains                                                          ; On                 ; On                 ;
; Auto Open-Drain Pins                                                       ; On                 ; On                 ;
; Perform WYSIWYG Primitive Resynthesis                                      ; Off                ; Off                ;
; Auto ROM Replacement                                                       ; On                 ; On                 ;
; Auto RAM Replacement                                                       ; On                 ; On                 ;
; Auto DSP Block Replacement                                                 ; On                 ; On                 ;
; Auto Shift Register Replacement                                            ; Auto               ; Auto               ;
; Allow Shift Register Merging across Hierarchies                            ; Auto               ; Auto               ;
; Auto Clock Enable Replacement                                              ; On                 ; On                 ;
; Strict RAM Replacement                                                     ; Off                ; Off                ;
; Allow Synchronous Control Signals                                          ; On                 ; On                 ;
; Force Use of Synchronous Clear Signals                                     ; Off                ; Off                ;
; Auto RAM Block Balancing                                                   ; On                 ; On                 ;
; Auto RAM to Logic Cell Conversion                                          ; Off                ; Off                ;
; Auto Resource Sharing                                                      ; Off                ; Off                ;
; Allow Any RAM Size For Recognition                                         ; Off                ; Off                ;
; Allow Any ROM Size For Recognition                                         ; Off                ; Off                ;
; Allow Any Shift Register Size For Recognition                              ; Off                ; Off                ;
; Use LogicLock Constraints during Resource Balancing                        ; On                 ; On                 ;
; Ignore translate_off and synthesis_off directives                          ; Off                ; Off                ;
; Timing-Driven Synthesis                                                    ; On                 ; On                 ;
; Report Parameter Settings                                                  ; On                 ; On                 ;
; Report Source Assignments                                                  ; On                 ; On                 ;
; Report Connectivity Checks                                                 ; On                 ; On                 ;
; Ignore Maximum Fan-Out Assignments                                         ; Off                ; Off                ;
; Synchronization Register Chain Length                                      ; 2                  ; 2                  ;
; PowerPlay Power Optimization                                               ; Normal compilation ; Normal compilation ;
; HDL message level                                                          ; Level2             ; Level2             ;
; Suppress Register Optimization Related Messages                            ; Off                ; Off                ;
; Number of Removed Registers Reported in Synthesis Report                   ; 5000               ; 5000               ;
; Number of Swept Nodes Reported in Synthesis Report                         ; 5000               ; 5000               ;
; Number of Inverted Registers Reported in Synthesis Report                  ; 100                ; 100                ;
; Clock MUX Protection                                                       ; On                 ; On                 ;
; Auto Gated Clock Conversion                                                ; Off                ; Off                ;
; Block Design Naming                                                        ; Auto               ; Auto               ;
; SDC constraint protection                                                  ; Off                ; Off                ;
; Synthesis Effort                                                           ; Auto               ; Auto               ;
; Shift Register Replacement - Allow Asynchronous Clear Signal               ; On                 ; On                 ;
; Pre-Mapping Resynthesis Optimization                                       ; Off                ; Off                ;
; Analysis & Synthesis Message Level                                         ; Medium             ; Medium             ;
; Disable Register Merging Across Hierarchies                                ; Auto               ; Auto               ;
; Resource Aware Inference For Block RAM                                     ; On                 ; On                 ;
; Synthesis Seed                                                             ; 1                  ; 1                  ;
+----------------------------------------------------------------------------+--------------------+--------------------+


+------------------------------------------+
; Parallel Compilation                     ;
+----------------------------+-------------+
; Processors                 ; Number      ;
+----------------------------+-------------+
; Number detected on machine ; 16          ;
; Maximum allowed            ; 8           ;
;                            ;             ;
; Average used               ; 1.00        ;
; Maximum used               ; 1           ;
;                            ;             ;
; Usage by Processor         ; % Time Used ;
;     Processor 1            ; 100.0%      ;
;     Processors 2-16        ;   0.0%      ;
+----------------------------+-------------+


+------------------------------------------------------------------------------------------------------------------------------------------------------------------------------------------------------+
; Analysis & Synthesis Source Files Read                                                                                                                                                               ;
+----------------------------------+-----------------+------------------------+--------------------------------------------------------------------------------------------------------------+---------+
; File Name with User-Entered Path ; Used in Netlist ; File Type              ; File Name with Absolute Path                                                                                 ; Library ;
+----------------------------------+-----------------+------------------------+--------------------------------------------------------------------------------------------------------------+---------+
; ../rtl/debounc_multi_3.v         ; yes             ; User Verilog HDL File  ; D:/Windows/System32/4_class/Verilog/2024_FPGA/04_doorlock_DE0_Edge_Debouncing_multibit/rtl/debounc_multi_3.v ;         ;
; ../rtl/debounc_multi_2.v         ; yes             ; User Verilog HDL File  ; D:/Windows/System32/4_class/Verilog/2024_FPGA/04_doorlock_DE0_Edge_Debouncing_multibit/rtl/debounc_multi_2.v ;         ;
; ../rtl/debounc_multi_1.v         ; yes             ; User Verilog HDL File  ; D:/Windows/System32/4_class/Verilog/2024_FPGA/04_doorlock_DE0_Edge_Debouncing_multibit/rtl/debounc_multi_1.v ;         ;
; ../rtl/top.v                     ; yes             ; User Verilog HDL File  ; D:/Windows/System32/4_class/Verilog/2024_FPGA/04_doorlock_DE0_Edge_Debouncing_multibit/rtl/top.v             ;         ;
; ../rtl/edge_det_p.v              ; yes             ; User Verilog HDL File  ; D:/Windows/System32/4_class/Verilog/2024_FPGA/04_doorlock_DE0_Edge_Debouncing_multibit/rtl/edge_det_p.v      ;         ;
; ../rtl/bd_if.v                   ; yes             ; User Verilog HDL File  ; D:/Windows/System32/4_class/Verilog/2024_FPGA/04_doorlock_DE0_Edge_Debouncing_multibit/rtl/bd_if.v           ;         ;
; ../rtl/fnd.v                     ; yes             ; User Verilog HDL File  ; D:/Windows/System32/4_class/Verilog/2024_FPGA/04_doorlock_DE0_Edge_Debouncing_multibit/rtl/fnd.v             ;         ;
; ../rtl/doorlock.v                ; yes             ; User Verilog HDL File  ; D:/Windows/System32/4_class/Verilog/2024_FPGA/04_doorlock_DE0_Edge_Debouncing_multibit/rtl/doorlock.v        ;         ;
+----------------------------------+-----------------+------------------------+--------------------------------------------------------------------------------------------------------------+---------+


+---------------------------------------------------------+
; Analysis & Synthesis Resource Usage Summary             ;
+---------------------------------------------+-----------+
; Resource                                    ; Usage     ;
+---------------------------------------------+-----------+
; Estimated Total logic elements              ; 270       ;
;                                             ;           ;
; Total combinational functions               ; 229       ;
; Logic element usage by number of LUT inputs ;           ;
;     -- 4 input functions                    ; 88        ;
;     -- 3 input functions                    ; 24        ;
;     -- <=2 input functions                  ; 117       ;
;                                             ;           ;
; Logic elements by mode                      ;           ;
;     -- normal mode                          ; 147       ;
;     -- arithmetic mode                      ; 82        ;
;                                             ;           ;
; Total registers                             ; 133       ;
;     -- Dedicated logic registers            ; 133       ;
;     -- I/O registers                        ; 0         ;
;                                             ;           ;
; I/O pins                                    ; 21        ;
; Embedded Multiplier 9-bit elements          ; 0         ;
; Maximum fan-out node                        ; clk~input ;
; Maximum fan-out                             ; 133       ;
; Total fan-out                               ; 1208      ;
; Average fan-out                             ; 2.99      ;
+---------------------------------------------+-----------+


+---------------------------------------------------------------------------------------------------------------------------------------------------------------------------------------------------------------------+
; Analysis & Synthesis Resource Utilization by Entity                                                                                                                                                                 ;
+---------------------------------------+-------------------+--------------+-------------+--------------+---------+-----------+------+--------------+--------------------------------------------------+--------------+
; Compilation Hierarchy Node            ; LC Combinationals ; LC Registers ; Memory Bits ; DSP Elements ; DSP 9x9 ; DSP 18x18 ; Pins ; Virtual Pins ; Full Hierarchy Name                              ; Library Name ;
+---------------------------------------+-------------------+--------------+-------------+--------------+---------+-----------+------+--------------+--------------------------------------------------+--------------+
; |top                                  ; 229 (1)           ; 133 (0)      ; 0           ; 0            ; 0       ; 0         ; 21   ; 0            ; |top                                             ; work         ;
;    |bd_if:u_bd_if|                    ; 212 (61)          ; 128 (26)     ; 0           ; 0            ; 0       ; 0         ; 0    ; 0            ; |top|bd_if:u_bd_if                               ; work         ;
;       |debounc_multi_1:u_bt0_debounc| ; 28 (28)           ; 24 (24)      ; 0           ; 0            ; 0       ; 0         ; 0    ; 0            ; |top|bd_if:u_bd_if|debounc_multi_1:u_bt0_debounc ; work         ;
;       |debounc_multi_2:u_bt1_debounc| ; 50 (50)           ; 28 (28)      ; 0           ; 0            ; 0       ; 0         ; 0    ; 0            ; |top|bd_if:u_bd_if|debounc_multi_2:u_bt1_debounc ; work         ;
;       |debounc_multi_3:u_bt2_debounc| ; 51 (51)           ; 28 (28)      ; 0           ; 0            ; 0       ; 0         ; 0    ; 0            ; |top|bd_if:u_bd_if|debounc_multi_3:u_bt2_debounc ; work         ;
;       |edge_det_p:u_edge_det_p_bt|    ; 10 (10)           ; 20 (20)      ; 0           ; 0            ; 0       ; 0         ; 0    ; 0            ; |top|bd_if:u_bd_if|edge_det_p:u_edge_det_p_bt    ; work         ;
;       |edge_det_p:u_edge_det_p_star|  ; 2 (2)             ; 2 (2)        ; 0           ; 0            ; 0       ; 0         ; 0    ; 0            ; |top|bd_if:u_bd_if|edge_det_p:u_edge_det_p_star  ; work         ;
;       |fnd:u_fnd|                     ; 10 (10)           ; 0 (0)        ; 0           ; 0            ; 0       ; 0         ; 0    ; 0            ; |top|bd_if:u_bd_if|fnd:u_fnd                     ; work         ;
;    |doorlock:u_doorlock|              ; 16 (16)           ; 5 (5)        ; 0           ; 0            ; 0       ; 0         ; 0    ; 0            ; |top|doorlock:u_doorlock                         ; work         ;
+---------------------------------------+-------------------+--------------+-------------+--------------+---------+-----------+------+--------------+--------------------------------------------------+--------------+
Note: For table entries with two numbers listed, the numbers in parentheses indicate the number of resources of the given type used by the specific entity alone. The numbers listed outside of parentheses indicate the total resources of the given type used by the specific entity and all of its sub-entities in the hierarchy.


Encoding Type:  One-Hot
+-------------------------------------------------------------------------------------------------------+
; State Machine - |top|doorlock:u_doorlock|c_state                                                      ;
+-----------------+----------------+----------------+-----------------+----------------+----------------+
; Name            ; c_state.S_LAST ; c_state.S_RAND ; c_state.S_FIRST ; c_state.S_IDLE ; c_state.S_OPEN ;
+-----------------+----------------+----------------+-----------------+----------------+----------------+
; c_state.S_IDLE  ; 0              ; 0              ; 0               ; 0              ; 0              ;
; c_state.S_FIRST ; 0              ; 0              ; 1               ; 1              ; 0              ;
; c_state.S_RAND  ; 0              ; 1              ; 0               ; 1              ; 0              ;
; c_state.S_LAST  ; 1              ; 0              ; 0               ; 1              ; 0              ;
; c_state.S_OPEN  ; 0              ; 0              ; 0               ; 1              ; 1              ;
+-----------------+----------------+----------------+-----------------+----------------+----------------+


+------------------------------------------------------------+
; Registers Removed During Synthesis                         ;
+---------------------------------------+--------------------+
; Register name                         ; Reason for Removal ;
+---------------------------------------+--------------------+
; doorlock:u_doorlock|c_state~4         ; Lost fanout        ;
; doorlock:u_doorlock|c_state~5         ; Lost fanout        ;
; Total Number of Removed Registers = 2 ;                    ;
+---------------------------------------+--------------------+


+------------------------------------------------------+
; General Register Statistics                          ;
+----------------------------------------------+-------+
; Statistic                                    ; Value ;
+----------------------------------------------+-------+
; Total registers                              ; 133   ;
; Number of registers using Synchronous Clear  ; 0     ;
; Number of registers using Synchronous Load   ; 46    ;
; Number of registers using Asynchronous Clear ; 133   ;
; Number of registers using Asynchronous Load  ; 0     ;
; Number of registers using Clock Enable       ; 56    ;
; Number of registers using Preset             ; 0     ;
+----------------------------------------------+-------+


+------------------------------------------------------------------------------------------------------------------------------------------------------------------------+
; Multiplexer Restructuring Statistics (Restructuring Performed)                                                                                                         ;
+--------------------+-----------+---------------+----------------------+------------------------+------------+----------------------------------------------------------+
; Multiplexer Inputs ; Bus Width ; Baseline Area ; Area if Restructured ; Saving if Restructured ; Registered ; Example Multiplexer Output                               ;
+--------------------+-----------+---------------+----------------------+------------------------+------------+----------------------------------------------------------+
; 3:1                ; 26 bits   ; 52 LEs        ; 26 LEs               ; 26 LEs                 ; Yes        ; |top|bd_if:u_bd_if|cnt_ext[20]                           ;
; 3:1                ; 20 bits   ; 40 LEs        ; 20 LEs               ; 20 LEs                 ; Yes        ; |top|bd_if:u_bd_if|debounc_multi_1:u_bt0_debounc|cnt[4]  ;
; 3:1                ; 20 bits   ; 40 LEs        ; 20 LEs               ; 20 LEs                 ; Yes        ; |top|bd_if:u_bd_if|debounc_multi_2:u_bt1_debounc|cnt[19] ;
; 3:1                ; 20 bits   ; 40 LEs        ; 20 LEs               ; 20 LEs                 ; Yes        ; |top|bd_if:u_bd_if|debounc_multi_3:u_bt2_debounc|cnt[19] ;
+--------------------+-----------+---------------+----------------------+------------------------+------------+----------------------------------------------------------+


+---------------------------------------------------------------------+
; Parameter Settings for User Entity Instance: Top-level Entity: |top ;
+----------------+----------------------------+-----------------------+
; Parameter Name ; Value                      ; Type                  ;
+----------------+----------------------------+-----------------------+
; T_1S           ; 10111110101111000010000000 ; Unsigned Binary       ;
; T_20MS         ; 11110100001001000000       ; Unsigned Binary       ;
+----------------+----------------------------+-----------------------+
Note: In order to hide this table in the UI and the text report file, please set the "Show Parameter Settings in Synthesis Report" option in "Analysis and Synthesis Settings -> More Settings" to "Off".


+---------------------------------------------------------------+
; Parameter Settings for User Entity Instance: bd_if:u_bd_if    ;
+----------------+----------------------------+-----------------+
; Parameter Name ; Value                      ; Type            ;
+----------------+----------------------------+-----------------+
; T_1S           ; 10111110101111000010000000 ; Unsigned Binary ;
; T_20MS         ; 11110100001001000000       ; Unsigned Binary ;
+----------------+----------------------------+-----------------+
Note: In order to hide this table in the UI and the text report file, please set the "Show Parameter Settings in Synthesis Report" option in "Analysis and Synthesis Settings -> More Settings" to "Off".


+------------------------------------------------------------------------------------------+
; Parameter Settings for User Entity Instance: bd_if:u_bd_if|debounc_multi_1:u_bt0_debounc ;
+----------------+----------------------+--------------------------------------------------+
; Parameter Name ; Value                ; Type                                             ;
+----------------+----------------------+--------------------------------------------------+
; T_20MS         ; 11110100001001000000 ; Unsigned Binary                                  ;
; D_W            ; 2                    ; Signed Integer                                   ;
+----------------+----------------------+--------------------------------------------------+
Note: In order to hide this table in the UI and the text report file, please set the "Show Parameter Settings in Synthesis Report" option in "Analysis and Synthesis Settings -> More Settings" to "Off".


+------------------------------------------------------------------------------------------+
; Parameter Settings for User Entity Instance: bd_if:u_bd_if|debounc_multi_2:u_bt1_debounc ;
+----------------+----------------------+--------------------------------------------------+
; Parameter Name ; Value                ; Type                                             ;
+----------------+----------------------+--------------------------------------------------+
; T_20MS         ; 11110100001001000000 ; Unsigned Binary                                  ;
; D_W            ; 4                    ; Signed Integer                                   ;
+----------------+----------------------+--------------------------------------------------+
Note: In order to hide this table in the UI and the text report file, please set the "Show Parameter Settings in Synthesis Report" option in "Analysis and Synthesis Settings -> More Settings" to "Off".


+------------------------------------------------------------------------------------------+
; Parameter Settings for User Entity Instance: bd_if:u_bd_if|debounc_multi_3:u_bt2_debounc ;
+----------------+----------------------+--------------------------------------------------+
; Parameter Name ; Value                ; Type                                             ;
+----------------+----------------------+--------------------------------------------------+
; T_20MS         ; 11110100001001000000 ; Unsigned Binary                                  ;
; D_W            ; 4                    ; Signed Integer                                   ;
+----------------+----------------------+--------------------------------------------------+
Note: In order to hide this table in the UI and the text report file, please set the "Show Parameter Settings in Synthesis Report" option in "Analysis and Synthesis Settings -> More Settings" to "Off".


+---------------------------------------------------------------------------------------+
; Parameter Settings for User Entity Instance: bd_if:u_bd_if|edge_det_p:u_edge_det_p_bt ;
+----------------+-------+--------------------------------------------------------------+
; Parameter Name ; Value ; Type                                                         ;
+----------------+-------+--------------------------------------------------------------+
; D_W            ; 10    ; Signed Integer                                               ;
+----------------+-------+--------------------------------------------------------------+
Note: In order to hide this table in the UI and the text report file, please set the "Show Parameter Settings in Synthesis Report" option in "Analysis and Synthesis Settings -> More Settings" to "Off".


+-----------------------------------------------------------------------------------------+
; Parameter Settings for User Entity Instance: bd_if:u_bd_if|edge_det_p:u_edge_det_p_star ;
+----------------+-------+----------------------------------------------------------------+
; Parameter Name ; Value ; Type                                                           ;
+----------------+-------+----------------------------------------------------------------+
; D_W            ; 1     ; Signed Integer                                                 ;
+----------------+-------+----------------------------------------------------------------+
Note: In order to hide this table in the UI and the text report file, please set the "Show Parameter Settings in Synthesis Report" option in "Analysis and Synthesis Settings -> More Settings" to "Off".


+----------------------------------------------------------------------+
; Parameter Settings for User Entity Instance: bd_if:u_bd_if|fnd:u_fnd ;
+----------------+-------+---------------------------------------------+
; Parameter Name ; Value ; Type                                        ;
+----------------+-------+---------------------------------------------+
; OFF            ; 1     ; Unsigned Binary                             ;
; ON             ; 0     ; Unsigned Binary                             ;
+----------------+-------+---------------------------------------------+
Note: In order to hide this table in the UI and the text report file, please set the "Show Parameter Settings in Synthesis Report" option in "Analysis and Synthesis Settings -> More Settings" to "Off".


+------------------------------------------------------------------+
; Parameter Settings for User Entity Instance: doorlock:u_doorlock ;
+----------------+-------+-----------------------------------------+
; Parameter Name ; Value ; Type                                    ;
+----------------+-------+-----------------------------------------+
; S_IDLE         ; 000   ; Unsigned Binary                         ;
; S_FIRST        ; 001   ; Unsigned Binary                         ;
; S_RAND         ; 010   ; Unsigned Binary                         ;
; S_LAST         ; 011   ; Unsigned Binary                         ;
; S_OPEN         ; 100   ; Unsigned Binary                         ;
+----------------+-------+-----------------------------------------+
Note: In order to hide this table in the UI and the text report file, please set the "Show Parameter Settings in Synthesis Report" option in "Analysis and Synthesis Settings -> More Settings" to "Off".


+-------------------------------+
; Elapsed Time Per Partition    ;
+----------------+--------------+
; Partition Name ; Elapsed Time ;
+----------------+--------------+
; Top            ; 00:00:00     ;
+----------------+--------------+


+-------------------------------+
; Analysis & Synthesis Messages ;
+-------------------------------+
Info: *******************************************************************
Info: Running Quartus II 64-Bit Analysis & Synthesis
    Info: Version 13.1.0 Build 162 10/23/2013 SJ Web Edition
    Info: Processing started: Tue Mar 26 22:02:52 2024
Info: Command: quartus_map --read_settings_files=on --write_settings_files=off doorlock -c doorlock
Info (11104): Parallel Compilation has detected 16 hyper-threaded processors. However, the extra hyper-threaded processors will not be used by default. Parallel Compilation will use 8 of the 8 physical processors detected instead.
Info (12021): Found 1 design units, including 1 entities, in source file /windows/system32/4_class/verilog/2024_fpga/04_doorlock_de0_edge_debouncing_multibit/rtl/debounc_multi_3.v
    Info (12023): Found entity 1: debounc_multi_3
Info (12021): Found 1 design units, including 1 entities, in source file /windows/system32/4_class/verilog/2024_fpga/04_doorlock_de0_edge_debouncing_multibit/rtl/debounc_multi_2.v
    Info (12023): Found entity 1: debounc_multi_2
Info (12021): Found 1 design units, including 1 entities, in source file /windows/system32/4_class/verilog/2024_fpga/04_doorlock_de0_edge_debouncing_multibit/rtl/debounc_multi_1.v
    Info (12023): Found entity 1: debounc_multi_1
Info (12021): Found 1 design units, including 1 entities, in source file /windows/system32/4_class/verilog/2024_fpga/04_doorlock_de0_edge_debouncing_multibit/rtl/top.v
    Info (12023): Found entity 1: top
Info (12021): Found 1 design units, including 1 entities, in source file /windows/system32/4_class/verilog/2024_fpga/04_doorlock_de0_edge_debouncing_multibit/rtl/edge_det_p.v
    Info (12023): Found entity 1: edge_det_p
Info (12021): Found 1 design units, including 1 entities, in source file /windows/system32/4_class/verilog/2024_fpga/04_doorlock_de0_edge_debouncing_multibit/rtl/bd_if.v
    Info (12023): Found entity 1: bd_if
Info (12021): Found 1 design units, including 1 entities, in source file /windows/system32/4_class/verilog/2024_fpga/04_doorlock_de0_edge_debouncing_multibit/rtl/fnd.v
    Info (12023): Found entity 1: fnd
Info (12021): Found 1 design units, including 1 entities, in source file /windows/system32/4_class/verilog/2024_fpga/04_doorlock_de0_edge_debouncing_multibit/rtl/doorlock.v
    Info (12023): Found entity 1: doorlock
Info (12127): Elaborating entity "top" for the top level hierarchy
Info (12128): Elaborating entity "bd_if" for hierarchy "bd_if:u_bd_if"
Info (10264): Verilog HDL Case Statement information at bd_if.v(87): all case item expressions in this case statement are onehot
Info (12128): Elaborating entity "debounc_multi_1" for hierarchy "bd_if:u_bd_if|debounc_multi_1:u_bt0_debounc"
Info (12128): Elaborating entity "debounc_multi_2" for hierarchy "bd_if:u_bd_if|debounc_multi_2:u_bt1_debounc"
Info (12128): Elaborating entity "debounc_multi_3" for hierarchy "bd_if:u_bd_if|debounc_multi_3:u_bt2_debounc"
Info (12128): Elaborating entity "edge_det_p" for hierarchy "bd_if:u_bd_if|edge_det_p:u_edge_det_p_bt"
Info (12128): Elaborating entity "edge_det_p" for hierarchy "bd_if:u_bd_if|edge_det_p:u_edge_det_p_star"
Info (12128): Elaborating entity "fnd" for hierarchy "bd_if:u_bd_if|fnd:u_fnd"
Warning (10036): Verilog HDL or VHDL warning at fnd.v(11): object "h" assigned a value but never read
Info (12128): Elaborating entity "doorlock" for hierarchy "doorlock:u_doorlock"
Info (286030): Timing-Driven Synthesis is running
Info (17049): 2 registers lost all their fanouts during netlist optimizations.
Info (16010): Generating hard_block partition "hard_block:auto_generated_inst"
    Info (16011): Adding 0 node(s), including 0 DDIO, 0 PLL, 0 transceiver and 0 LCELL
Info (21057): Implemented 291 device resources after synthesis - the final resource count might be different
    Info (21058): Implemented 13 input pins
    Info (21059): Implemented 8 output pins
    Info (21061): Implemented 270 logic cells
Info: Quartus II 64-Bit Analysis & Synthesis was successful. 0 errors, 1 warning
    Info: Peak virtual memory: 4673 megabytes
    Info: Processing ended: Tue Mar 26 22:02:54 2024
    Info: Elapsed time: 00:00:02
    Info: Total CPU time (on all processors): 00:00:01


